// Jest Snapshot v1, https://goo.gl/fbAQLP

exports[`Block should render the Block 1`] = `
<DocumentFragment>
  <div
    class="ifu-block--article"
  >
    <p>
      Paragraph content
    </p>
  </div>
</DocumentFragment>
`;
