// Jest Snapshot v1, https://jestjs.io/docs/snapshot-testing

exports[`VideoBlock should render a ReactPlayer with given url and title inside a Block 1`] = `
<DocumentFragment>
  <div
    class="my-16 ifu-block--article"
  >
    <h3
      class="text-bodytext-color font-sans text-h3 md:text-h3xl"
    >
      Video Title
    </h3>
    <div
      aria-label="video.button"
      class="flex justify-center pt-2 mt-4 border-t border-gray-lighter aspect-video"
      role="button"
    >
      ReactPlayer
    </div>
  </div>
</DocumentFragment>
`;
