// Jest Snapshot v1, https://jestjs.io/docs/snapshot-testing

exports[`LanguageMenu should render the LanguageMenu component 1`] = `
<DocumentFragment>
  <div>
    <label
      class="block px-14 mb-8 text-body-large font-bold"
    >
      languageMenu.label
    </label>
    <div
      class="font-bold"
    >
      <a
        class="flex items-center py-2 px-14 hover:bg-gray-white clear-start"
        href="/foo/bar"
        hreflang="fi"
        lang="fi"
        title="Suomi"
      >
        <span
          class="inline-block text-body-small text-bodytext-color float-start"
        >
          Suomi
        </span>
        <svg
          class="inline-block ms-4"
          fill="none"
          height="11"
          viewBox="0 0 14 11"
          width="14"
          xmlns="http://www.w3.org/2000/svg"
        >
          <path
            d="M13 1L4.99967 9L1 4.9995"
            stroke="black"
            stroke-width="2"
          />
        </svg>
      </a>
    </div>
    <div
      class=""
    >
      <a
        class="flex items-center py-2 px-14 hover:bg-gray-white clear-start"
        href="/foo/bar"
        hreflang="sv"
        lang="sv"
        title="Svenska"
      >
        <span
          class="inline-block text-body-small text-bodytext-color float-start"
        >
          Svenska
        </span>
      </a>
    </div>
    <div
      class=""
    >
      <a
        class="flex items-center py-2 px-14 hover:bg-gray-white clear-start"
        href="/foo/bar"
        hreflang="en"
        lang="en"
        title="English"
      >
        <span
          class="inline-block text-body-small text-bodytext-color float-start"
        >
          English
        </span>
      </a>
    </div>
    <div
      class=""
    >
      <a
        class="flex items-center py-2 px-14 hover:bg-gray-white clear-start"
        href="/foo/bar"
        hreflang="ru"
        lang="ru"
        title="Pусский"
      >
        <span
          class="inline-block text-body-small text-bodytext-color float-start"
        >
          Pусский
        </span>
      </a>
    </div>
    <div
      class=""
    >
      <a
        class="flex items-center py-2 px-14 hover:bg-gray-white clear-start"
        href="/foo/bar"
        hreflang="et"
        lang="et"
        title="Eesti keel"
      >
        <span
          class="inline-block text-body-small text-bodytext-color float-start"
        >
          Eesti keel
        </span>
      </a>
    </div>
    <div
      class=""
    >
      <a
        class="flex items-center py-2 px-14 hover:bg-gray-white clear-start"
        href="/foo/bar"
        hreflang="uk"
        lang="uk"
        title="Українська"
      >
        <span
          class="inline-block text-body-small text-bodytext-color float-start"
        >
          Українська
        </span>
      </a>
    </div>
    <div
      class=""
    >
      <a
        class="flex items-center py-2 px-14 hover:bg-gray-white clear-start"
        href="/foo/bar"
        hreflang="fr"
        lang="fr"
        title="Français"
      >
        <span
          class="inline-block text-body-small text-bodytext-color float-start"
        >
          Français
        </span>
      </a>
    </div>
    <div
      class=""
    >
      <a
        class="flex items-center py-2 px-14 hover:bg-gray-white clear-start"
        href="/foo/bar"
        hreflang="es"
        lang="es"
        title="Español"
      >
        <span
          class="inline-block text-body-small text-bodytext-color float-start"
        >
          Español
        </span>
      </a>
    </div>
    <div
      class=""
    >
      <a
        class="flex items-center py-2 px-14 hover:bg-gray-white clear-start"
        href="/foo/bar"
        hreflang="tr"
        lang="tr"
        title="Türkçe"
      >
        <span
          class="inline-block text-body-small text-bodytext-color float-start"
        >
          Türkçe
        </span>
      </a>
    </div>
    <div
      class=""
    >
      <a
        class="flex items-center py-2 px-14 hover:bg-gray-white clear-start"
        href="/foo/bar"
        hreflang="zh"
        lang="zh"
        title="中文"
      >
        <span
          class="inline-block text-body-small text-bodytext-color float-start"
        >
          中文
        </span>
      </a>
    </div>
    <div
      class=""
    >
      <a
        class="flex items-center py-2 px-14 hover:bg-gray-white clear-start"
        href="/foo/bar"
        hreflang="fa"
        lang="fa"
        title=" فارسی"
      >
        <span
          class="inline-block text-body-small text-bodytext-color float-start"
        >
           فارسی
        </span>
      </a>
    </div>
    <div
      class=""
    >
      <a
        class="flex items-center py-2 px-14 hover:bg-gray-white clear-start"
        href="/foo/bar"
        hreflang="ar"
        lang="ar"
        title="العربية"
      >
        <span
          class="inline-block text-body-small text-bodytext-color float-start"
        >
          العربية
        </span>
      </a>
    </div>
  </div>
</DocumentFragment>
`;

exports[`LanguageMenu should render the LanguageMenuButton component 1`] = `
<DocumentFragment>
  <button
    aria-haspopup="dialog"
    class=" flex lg:hidden items-center h-10 md:me-2"
    title="languageMenu.label"
  >
    <span
      class="text-action uppercase"
    >
      Suomi
    </span>
    <span
      class="hidden"
      lang="sv"
    >
      Välj språk
    </span>
    <span
      class="hidden"
      lang="en"
    >
      Select language
    </span>
    <span
      class="hidden"
      lang="ru"
    >
      Выбрать язык
    </span>
    <span
      class="hidden"
      lang="et"
    >
      Vali keel
    </span>
    <span
      class="hidden"
      lang="uk"
    />
    <span
      class="hidden"
      lang="fr"
    >
      Sélectionner la langue
    </span>
    <span
      class="hidden"
      lang="es"
    >
      Elegir idioma
    </span>
    <span
      class="hidden"
      lang="tr"
    >
      Dil seçin
    </span>
    <span
      class="hidden"
      lang="zh"
    >
      选择语言
    </span>
    <span
      class="hidden"
      lang="fa"
    >
      زبان را انتخاب کن
    </span>
    <span
      class="hidden"
      lang="ar"
    >
      اختر اللغة
    </span>
    <svg
      class="inline-block mx-2 xl:mx-0 w-4 md:w-5 md:h-5"
      viewBox="0 0 200 200"
      xmlns="http://www.w3.org/2000/svg"
    >
      <path
        d="M100,175.69A75.69,75.69,0,1,1,175.69,100,75.78,75.78,0,0,1,100,175.69Zm0-141.38A65.69,65.69,0,1,0,165.69,100,65.77,65.77,0,0,0,100,34.31Z"
        fill="black"
      />
      <path
        d="M100,175.69c-19.49,0-30-39-30-75.69s10.51-75.69,30-75.69,30,39,30,75.69S119.49,175.69,100,175.69Zm0-141.38c-8.15,0-20,25.59-20,65.69,0,18.33,2.5,35.49,7,48.32,3.73,10.55,8.82,17.37,13,17.37,8.15,0,20-25.59,20-65.69,0-18.33-2.5-35.49-7-48.32C109.23,41.13,104.14,34.31,100,34.31Z"
        fill="black"
      />
      <path
        d="M170.69,105H29.31a5,5,0,0,1,0-10H170.69a5,5,0,0,1,0,10Z"
        fill="black"
      />
      <path
        d="M163.05,73H37a5,5,0,0,1,0-10h126.1a5,5,0,0,1,0,10Z"
        fill="black"
      />
      <path
        d="M163.05,137H37a5,5,0,0,1,0-10h126.1a5,5,0,0,1,0,10Z"
        fill="black"
      />
    </svg>
  </button>
</DocumentFragment>
`;
